// Jest Snapshot v1, https://goo.gl/fbAQLP

exports[`unit tests for Comment component should match the snapshot 1`] = `
"<div class=\\"commentComponent\\"><p class=\\"author\\">test@mail.com</p> <p class=\\"body\\">some text</p> <div class=\\"rating\\"><button class=\\"ratingUp\\">
      +
    </button> <span class=\\"number\\">0</span> <button class=\\"ratingDown\\">
      -
    </button></div></div>"
`;
