// Jest Snapshot v1, https://goo.gl/fbAQLP

exports[`unit tests for Index page should match the snapshot 1`] = `
"<section><div><div class=\\"logo\\"><h1><a href=\\"https://github.com/wemake-services/wemake-vue-template\\">
      wemake-vue-template
    </a></h1> <h2><a href=\\"https://wemake-services.gitbook.io/wemake-vue-template/\\">
      documentation
    </a></h2></div> <div class=\\"actions\\"><button class=\\"reload\\">
        reload comments
      </button></div> <section class=\\"container\\"><div class=\\"commentComponent\\"><p class=\\"author\\">test@mail.com</p> <p class=\\"body\\">some text</p> <div class=\\"rating\\"><button class=\\"ratingUp\\">
      +
    </button> <span class=\\"number\\">-4</span> <button class=\\"ratingDown\\">
      -
    </button></div></div><div class=\\"commentComponent\\"><p class=\\"author\\">other@mail.com</p> <p class=\\"body\\">other text</p> <div class=\\"rating\\"><button class=\\"ratingUp\\">
      +
    </button> <span class=\\"number\\">2</span> <button class=\\"ratingDown\\">
      -
    </button></div></div></section></div></section>"
`;
